
> test
> playwright test


Running 11 tests using 1 worker

[1A[2K[1/11] [chromium] › e2e\tests\bios-functionality.spec.ts:11:9 › BIOS Functionality Tests › Login › should login as reseller
[1A[2K[2/11] [chromium] › e2e\tests\bios-functionality.spec.ts:21:9 › BIOS Functionality Tests › Login › should login as manager
[1A[2K[3/11] [chromium] › e2e\tests\bios-functionality.spec.ts:33:9 › BIOS Functionality Tests › BIOS Change Request - Expired Customer › should show BIOS change option for expired customer
[1A[2K[4/11] [chromium] › e2e\tests\bios-functionality.spec.ts:58:9 › BIOS Functionality Tests › BIOS Change Request - Expired Customer › should NOT show BIOS change for blacklisted customer
[1A[2K[5/11] [chromium] › e2e\tests\bios-functionality.spec.ts:92:9 › BIOS Functionality Tests › BIOS Change Request - Expired Customer › should submit BIOS change request with auto-populated username
[1A[2K[6/11] [chromium] › e2e\tests\bios-functionality.spec.ts:141:9 › BIOS Functionality Tests › BIOS Change Request Approval › should approve BIOS change request
[1A[2K[7/11] [chromium] › e2e\tests\bios-functionality.spec.ts:175:9 › BIOS Functionality Tests › License Renewal with Schedule › should show schedule option for expired license
[1A[2K[8/11] [chromium] › e2e\tests\bios-functionality.spec.ts:210:9 › BIOS Functionality Tests › License Renewal with Schedule › should schedule license renewal
[1A[2K[9/11] [chromium] › e2e\tests\bios-functionality.spec.ts:254:9 › BIOS Functionality Tests › Username Auto-Population › should auto-populate username when entering expired BIOS
[1A[2K  1) [chromium] › e2e\tests\bios-functionality.spec.ts:254:9 › BIOS Functionality Tests › Username Auto-Population › should auto-populate username when entering expired BIOS 

    [31mTest timeout of 30000ms exceeded.[39m

    Error: locator.fill: Test timeout of 30000ms exceeded.
    Call log:
    [2m  - waiting for locator('input[placeholder*="BIOS"]').first()[22m


      266 |       // Enter an expired BIOS that should have a linked username
      267 |       const biosInput = page.locator('input[placeholder*="BIOS"]').first();
    > 268 |       await biosInput.fill('MASTER-BLOCK-1773607300-R');
          |                       ^
      269 |
      270 |       // Wait for availability check and auto-fill
      271 |       await page.waitForTimeout(1000);
        at C:\laragon\www\LIcense\e2e\tests\bios-functionality.spec.ts:268:23

    attachment #1: screenshot (image/png) ──────────────────────────────────────────────────────────
    test-results\bios-functionality-BIOS-Fu-aa9be--when-entering-expired-BIOS-chromium\test-failed-1.png
    ────────────────────────────────────────────────────────────────────────────────────────────────

    attachment #2: video (video/webm) ──────────────────────────────────────────────────────────────
    test-results\bios-functionality-BIOS-Fu-aa9be--when-entering-expired-BIOS-chromium\video.webm
    ────────────────────────────────────────────────────────────────────────────────────────────────

    Error Context: test-results\bios-functionality-BIOS-Fu-aa9be--when-entering-expired-BIOS-chromium\error-context.md


[1A[2K[10/11] [chromium] › e2e\tests\bios-functionality.spec.ts:285:9 › BIOS Functionality Tests › Real-time BIOS Validation › should show BIOS availability check in real-time
[1A[2K  2) [chromium] › e2e\tests\bios-functionality.spec.ts:285:9 › BIOS Functionality Tests › Real-time BIOS Validation › should show BIOS availability check in real-time 

    [31mTest timeout of 30000ms exceeded.[39m

    Error: locator.fill: Test timeout of 30000ms exceeded.
    Call log:
    [2m  - waiting for locator('input[placeholder*="BIOS"]').first()[22m


      297 |       // Type a BIOS ID
      298 |       const biosInput = page.locator('input[placeholder*="BIOS"]').first();
    > 299 |       await biosInput.fill('TEST-AVAIL');
          |                       ^
      300 |
      301 |       // Wait for availability response
      302 |       await page.waitForTimeout(500);
        at C:\laragon\www\LIcense\e2e\tests\bios-functionality.spec.ts:299:23

    attachment #1: screenshot (image/png) ──────────────────────────────────────────────────────────
    test-results\bios-functionality-BIOS-Fu-997b7-lability-check-in-real-time-chromium\test-failed-1.png
    ────────────────────────────────────────────────────────────────────────────────────────────────

    attachment #2: video (video/webm) ──────────────────────────────────────────────────────────────
    test-results\bios-functionality-BIOS-Fu-997b7-lability-check-in-real-time-chromium\video.webm
    ────────────────────────────────────────────────────────────────────────────────────────────────

    Error Context: test-results\bios-functionality-BIOS-Fu-997b7-lability-check-in-real-time-chromium\error-context.md


[1A[2K[11/11] [chromium] › e2e\tests\bios-functionality.spec.ts:319:9 › BIOS Functionality Tests › Locked Fields After Activation › should show locked BIOS and username for active customer
[1A[2K  2 failed
    [chromium] › e2e\tests\bios-functionality.spec.ts:254:9 › BIOS Functionality Tests › Username Auto-Population › should auto-populate username when entering expired BIOS 
    [chromium] › e2e\tests\bios-functionality.spec.ts:285:9 › BIOS Functionality Tests › Real-time BIOS Validation › should show BIOS availability check in real-time 
  9 passed (2.1m)
